UnitySetGraphicsDevice
gub_is_active
gub_log_init
gub_log_set_cache
gub_log_set_cache_clock
gub_log_set_console
gub_log_set_external_handler
gub_log_set_file
gub_log_set_unity_handler
gub_log_switch_cache
gub_pipeline_blit_image
gub_pipeline_close
gub_pipeline_create
gub_pipeline_destroy
gub_pipeline_get_duration
gub_pipeline_get_framerate
gub_pipeline_get_position
gub_pipeline_grab_frame
gub_pipeline_grab_frame_with_info
gub_pipeline_is_loaded
gub_pipeline_is_playing
gub_pipeline_pause
gub_pipeline_play
gub_pipeline_pop_dash_report
gub_pipeline_qualities
gub_pipeline_set_adaptive_bitrate_limit
gub_pipeline_set_camera_rotation
gub_pipeline_set_camera_rotation_offset
gub_pipeline_set_dot_data_handler
gub_pipeline_set_position
gub_pipeline_set_volume
gub_pipeline_setup_decoding
gub_pipeline_stop
gub_pipeline_stop_encoding
gub_ref
gub_unref
